// Jest Snapshot v1, https://goo.gl/fbAQLP

exports[`Render PlaceCard PlaceCard render correctly with Premium 1`] = `
<article
  className="cities__place-card place-card"
  onMouseOver={[Function]}
>
  <div
    className="place-card__mark"
  >
    <span>
      Premium
    </span>
  </div>
  <div
    className="cities__image-wrapper place-card__image-wrapper"
  >
    <a
      href="#"
    >
      <img
        alt="Beautiful & luxurious apartment at great location"
        className="place-card__image"
        height="200"
        src="img/apartment-01.jpg"
        width="260"
      />
    </a>
  </div>
  <div
    className="place-card__info"
  >
    <div
      className="place-card__price-wrapper"
    >
      <div
        className="place-card__price"
      >
        <b
          className="place-card__price-value"
        >
          €
          380
        </b>
        <span
          className="place-card__price-text"
        >
          / night
        </span>
      </div>
      <button
        className="place-card__bookmark-button button"
        onClick={[Function]}
        type="button"
      >
        <SvgrURL
          height="18"
          width="17"
        />
        <span
          className="visually-hidden"
        >
          To bookmarks
        </span>
      </button>
    </div>
    <div
      className="place-card__rating rating"
    >
      <div
        className="place-card__stars rating__stars"
      >
        <span
          style={
            Object {
              "width": "100%",
            }
          }
        />
        <span
          className="visually-hidden"
        >
          Rating
        </span>
      </div>
    </div>
    <h2
      className="place-card__name"
    >
      <a
        href="#"
      >
        Beautiful & luxurious apartment at great location
      </a>
    </h2>
    <p
      className="place-card__type"
    >
      apartment
    </p>
  </div>
</article>
`;

exports[`Render PlaceCard PlaceCard render correctly without Premium 1`] = `
<article
  className="cities__place-card place-card"
  onMouseOver={[Function]}
>
  <div
    className="place-card__mark"
  >
    <span>
      Premium
    </span>
  </div>
  <div
    className="cities__image-wrapper place-card__image-wrapper"
  >
    <a
      href="#"
    >
      <img
        alt="Beautiful & luxurious apartment at great location"
        className="place-card__image"
        height="200"
        src="img/apartment-01.jpg"
        width="260"
      />
    </a>
  </div>
  <div
    className="place-card__info"
  >
    <div
      className="place-card__price-wrapper"
    >
      <div
        className="place-card__price"
      >
        <b
          className="place-card__price-value"
        >
          €
          380
        </b>
        <span
          className="place-card__price-text"
        >
          / night
        </span>
      </div>
      <button
        className="place-card__bookmark-button button"
        onClick={[Function]}
        type="button"
      >
        <SvgrURL
          height="18"
          width="17"
        />
        <span
          className="visually-hidden"
        >
          To bookmarks
        </span>
      </button>
    </div>
    <div
      className="place-card__rating rating"
    >
      <div
        className="place-card__stars rating__stars"
      >
        <span
          style={
            Object {
              "width": "100%",
            }
          }
        />
        <span
          className="visually-hidden"
        >
          Rating
        </span>
      </div>
    </div>
    <h2
      className="place-card__name"
    >
      <a
        href="#"
      >
        Beautiful & luxurious apartment at great location
      </a>
    </h2>
    <p
      className="place-card__type"
    >
      apartment
    </p>
  </div>
</article>
`;
