// Jest Snapshot v1, https://goo.gl/fbAQLP

exports[`should render withFavorite correctly 1`] = `<div />`;
