// Jest Snapshot v1, https://goo.gl/fbAQLP

exports[`Render CitiesPlaces correctly 1`] = `
<section
  className="cities__places places"
>
  <h2
    className="visually-hidden"
  >
    Places
  </h2>
  <b
    className="places__found"
  >
    2
     places to stay in 
    Paris
  </b>
  <form
    action="#"
    className="places__sorting"
    method="get"
  >
    <span
      className="places__sorting-caption"
    >
      Sort by
    </span>
    <span
      className="places__sorting-type"
      onClick={[Function]}
      tabIndex="0"
    >
      Popular
      <svg
        height="4"
        style={
          Object {
            "marginBottom": "1px",
            "marginLeft": "5px",
          }
        }
        width="7"
      />
    </span>
    <ul
      className="places__options places__options--custom"
    >
      <li
        className="places__option places__option--active"
        onClick={[Function]}
        tabIndex="0"
      >
        Popular
      </li>
      <li
        className="places__option"
        onClick={[Function]}
        tabIndex="0"
      >
        Price: low to high
      </li>
      <li
        className="places__option"
        onClick={[Function]}
        tabIndex="0"
      >
        Price: high to low
      </li>
      <li
        className="places__option"
        onClick={[Function]}
        tabIndex="0"
      >
        Top rated first
      </li>
    </ul>
  </form>
  <div
    className="places__list cities__places-list tabs__content"
  >
    <article
      className="place-card cities__place-card"
      onMouseOut={[Function]}
      onMouseOver={[Function]}
    >
      <div
        className="place-card__mark"
      >
        <span>
          Premium
        </span>
      </div>
      <div
        className="place-card__image-wrapper cities__image-wrapper"
      >
        <a
          href="#"
        >
          <img
            alt="Canal View Prinsengracht"
            className="place-card__image"
            height="200"
            src="img/apartment-01.jpg"
            width="260"
          />
        </a>
      </div>
      <div
        className="place-card__info"
      >
        <div
          className="place-card__price-wrapper"
        >
          <div
            className="place-card__price"
          >
            <b
              className="place-card__price-value"
            >
              €
              280
            </b>
            <span
              className="place-card__price-text"
            >
              / night
            </span>
          </div>
          <button
            className="place-card__bookmark-button button"
            onClick={[Function]}
            type="button"
          >
            <svg
              height="18"
              width="17"
            />
            <span
              className="visually-hidden"
            >
              To bookmarks
            </span>
          </button>
        </div>
        <div
          className="place-card__rating rating"
        >
          <div
            className="place-card__stars rating__stars"
          >
            <span
              style={
                Object {
                  "width": "80%",
                }
              }
            />
            <span
              className="visually-hidden"
            >
              Rating
            </span>
          </div>
        </div>
        <h2
          className="place-card__name"
        >
          <a
            onClick={[Function]}
          >
            Canal View Prinsengracht
          </a>
        </h2>
        <p
          className="place-card__type"
        >
          House
        </p>
      </div>
    </article>
    <article
      className="place-card cities__place-card"
      onMouseOut={[Function]}
      onMouseOver={[Function]}
    >
      <div
        className="place-card__image-wrapper cities__image-wrapper"
      >
        <a
          href="#"
        >
          <img
            alt="Nice, cozy, warm big bed apartment"
            className="place-card__image"
            height="200"
            src="img/apartment-01.jpg"
            width="260"
          />
        </a>
      </div>
      <div
        className="place-card__info"
      >
        <div
          className="place-card__price-wrapper"
        >
          <div
            className="place-card__price"
          >
            <b
              className="place-card__price-value"
            >
              €
              80
            </b>
            <span
              className="place-card__price-text"
            >
              / night
            </span>
          </div>
          <button
            className="place-card__bookmark-button button"
            onClick={[Function]}
            type="button"
          >
            <svg
              height="18"
              width="17"
            />
            <span
              className="visually-hidden"
            >
              To bookmarks
            </span>
          </button>
        </div>
        <div
          className="place-card__rating rating"
        >
          <div
            className="place-card__stars rating__stars"
          >
            <span
              style={
                Object {
                  "width": "80%",
                }
              }
            />
            <span
              className="visually-hidden"
            >
              Rating
            </span>
          </div>
        </div>
        <h2
          className="place-card__name"
        >
          <a
            onClick={[Function]}
          >
            Nice, cozy, warm big bed apartment
          </a>
        </h2>
        <p
          className="place-card__type"
        >
          Private Room
        </p>
      </div>
    </article>
  </div>
</section>
`;
