// Jest Snapshot v1, https://goo.gl/fbAQLP

exports[`should render withMap correctly 1`] = `<div />`;
