// Jest Snapshot v1, https://goo.gl/fbAQLP

exports[`Render Review Render Review correctly 1`] = `
Array [
  <div
    className="reviews__user user"
  >
    <div
      className="reviews__avatar-wrapper user__avatar-wrapper"
    >
      <img
        alt="Monica"
        className="reviews__avatar user__avatar"
        height="54"
        src="img/avatar-angelina.jpg"
        width="54"
      />
    </div>
    <span
      className="reviews__user-name"
    >
      Monica
    </span>
  </div>,
  <div
    className="reviews__info"
  >
    <div
      className="reviews__rating rating"
    >
      <div
        className="reviews__stars rating__stars"
      >
        <span
          style={
            Object {
              "width": "60%",
            }
          }
        />
        <span
          className="visually-hidden"
        >
          Rating
        </span>
      </div>
    </div>
    <p
      className="reviews__text"
    >
      bedrooms â€“ couples and groups of friends will find this accommodation
    </p>
    <time
      className="reviews__time"
      dateTime="2020-06-25"
    >
      June 2020
    </time>
  </div>,
]
`;
