// Jest Snapshot v1, https://goo.gl/fbAQLP

exports[`Property render correctly without Premium 1`] = `null`;

exports[`Render Property correctly 1`] = `null`;
