// Jest Snapshot v1, https://goo.gl/fbAQLP

exports[`should render withActiveItem correctly 1`] = `<div />`;
